%!Adobe-FontList 1.16
%Locale:0x402

%BeginFont
Handler:DirectoryHandler
FontType:Invalid
OutlineFileName:C:\Users\Admin\Desktop\SMB\GRAPHICS\Font\-.bmp
FileModTime:1415002766
%EndFont

%BeginFont
Handler:DirectoryHandler
FontType:Invalid
OutlineFileName:C:\Users\Admin\Desktop\SMB\GRAPHICS\Font\0.bmp
FileModTime:1415002761
%EndFont

%BeginFont
Handler:DirectoryHandler
FontType:Invalid
OutlineFileName:C:\Users\Admin\Desktop\SMB\GRAPHICS\Font\1.bmp
FileModTime:1415002761
%EndFont

%BeginFont
Handler:DirectoryHandler
FontType:Invalid
OutlineFileName:C:\Users\Admin\Desktop\SMB\GRAPHICS\Font\2.bmp
FileModTime:1415002762
%EndFont

%BeginFont
Handler:DirectoryHandler
FontType:Invalid
OutlineFileName:C:\Users\Admin\Desktop\SMB\GRAPHICS\Font\3.bmp
FileModTime:1415002762
%EndFont

%BeginFont
Handler:DirectoryHandler
FontType:Invalid
OutlineFileName:C:\Users\Admin\Desktop\SMB\GRAPHICS\Font\4.bmp
FileModTime:1415002762
%EndFont

%BeginFont
Handler:DirectoryHandler
FontType:Invalid
OutlineFileName:C:\Users\Admin\Desktop\SMB\GRAPHICS\Font\5.bmp
FileModTime:1415002762
%EndFont

%BeginFont
Handler:DirectoryHandler
FontType:Invalid
OutlineFileName:C:\Users\Admin\Desktop\SMB\GRAPHICS\Font\6.bmp
FileModTime:1415002762
%EndFont

%BeginFont
Handler:DirectoryHandler
FontType:Invalid
OutlineFileName:C:\Users\Admin\Desktop\SMB\GRAPHICS\Font\7.bmp
FileModTime:1415002762
%EndFont

%BeginFont
Handler:DirectoryHandler
FontType:Invalid
OutlineFileName:C:\Users\Admin\Desktop\SMB\GRAPHICS\Font\8.bmp
FileModTime:1415002762
%EndFont

%BeginFont
Handler:DirectoryHandler
FontType:Invalid
OutlineFileName:C:\Users\Admin\Desktop\SMB\GRAPHICS\Font\9.bmp
FileModTime:1415002762
%EndFont

%BeginFont
Handler:DirectoryHandler
FontType:Invalid
OutlineFileName:C:\Users\Admin\Desktop\SMB\GRAPHICS\Font\A.bmp
FileModTime:1415002763
%EndFont

%BeginFont
Handler:DirectoryHandler
FontType:Invalid
OutlineFileName:C:\Users\Admin\Desktop\SMB\GRAPHICS\Font\B.bmp
FileModTime:1415002763
%EndFont

%BeginFont
Handler:DirectoryHandler
FontType:Invalid
OutlineFileName:C:\Users\Admin\Desktop\SMB\GRAPHICS\Font\C.bmp
FileModTime:1415002763
%EndFont

%BeginFont
Handler:DirectoryHandler
FontType:Invalid
OutlineFileName:C:\Users\Admin\Desktop\SMB\GRAPHICS\Font\D.bmp
FileModTime:1415002763
%EndFont

%BeginFont
Handler:DirectoryHandler
FontType:Invalid
OutlineFileName:C:\Users\Admin\Desktop\SMB\GRAPHICS\Font\div.bmp
FileModTime:1415002766
%EndFont

%BeginFont
Handler:DirectoryHandler
FontType:Invalid
OutlineFileName:C:\Users\Admin\Desktop\SMB\GRAPHICS\Font\E.bmp
FileModTime:1415002763
%EndFont

%BeginFont
Handler:DirectoryHandler
FontType:Invalid
OutlineFileName:C:\Users\Admin\Desktop\SMB\GRAPHICS\Font\F.bmp
FileModTime:1415002763
%EndFont

%BeginFont
Handler:DirectoryHandler
FontType:Invalid
OutlineFileName:C:\Users\Admin\Desktop\SMB\GRAPHICS\Font\G.bmp
FileModTime:1415002763
%EndFont

%BeginFont
Handler:DirectoryHandler
FontType:Invalid
OutlineFileName:C:\Users\Admin\Desktop\SMB\GRAPHICS\Font\H.bmp
FileModTime:1415002763
%EndFont

%BeginFont
Handler:DirectoryHandler
FontType:Invalid
OutlineFileName:C:\Users\Admin\Desktop\SMB\GRAPHICS\Font\I.bmp
FileModTime:1415002764
%EndFont

%BeginFont
Handler:DirectoryHandler
FontType:Invalid
OutlineFileName:C:\Users\Admin\Desktop\SMB\GRAPHICS\Font\J.bmp
FileModTime:1415002764
%EndFont

%BeginFont
Handler:DirectoryHandler
FontType:Invalid
OutlineFileName:C:\Users\Admin\Desktop\SMB\GRAPHICS\Font\K.bmp
FileModTime:1415002764
%EndFont

%BeginFont
Handler:DirectoryHandler
FontType:Invalid
OutlineFileName:C:\Users\Admin\Desktop\SMB\GRAPHICS\Font\L.bmp
FileModTime:1415002764
%EndFont

%BeginFont
Handler:DirectoryHandler
FontType:Invalid
OutlineFileName:C:\Users\Admin\Desktop\SMB\GRAPHICS\Font\M.bmp
FileModTime:1415002764
%EndFont

%BeginFont
Handler:DirectoryHandler
FontType:Invalid
OutlineFileName:C:\Users\Admin\Desktop\SMB\GRAPHICS\Font\N.bmp
FileModTime:1415002764
%EndFont

%BeginFont
Handler:DirectoryHandler
FontType:Invalid
OutlineFileName:C:\Users\Admin\Desktop\SMB\GRAPHICS\Font\O.bmp
FileModTime:1415002764
%EndFont

%BeginFont
Handler:DirectoryHandler
FontType:Invalid
OutlineFileName:C:\Users\Admin\Desktop\SMB\GRAPHICS\Font\P.bmp
FileModTime:1415002765
%EndFont

%BeginFont
Handler:DirectoryHandler
FontType:Invalid
OutlineFileName:C:\Users\Admin\Desktop\SMB\GRAPHICS\Font\Q.bmp
FileModTime:1415002765
%EndFont

%BeginFont
Handler:DirectoryHandler
FontType:Invalid
OutlineFileName:C:\Users\Admin\Desktop\SMB\GRAPHICS\Font\R.bmp
FileModTime:1415002765
%EndFont

%BeginFont
Handler:DirectoryHandler
FontType:Invalid
OutlineFileName:C:\Users\Admin\Desktop\SMB\GRAPHICS\Font\S.bmp
FileModTime:1415002765
%EndFont

%BeginFont
Handler:DirectoryHandler
FontType:Invalid
OutlineFileName:C:\Users\Admin\Desktop\SMB\GRAPHICS\Font\T.bmp
FileModTime:1415002765
%EndFont

%BeginFont
Handler:DirectoryHandler
FontType:Invalid
OutlineFileName:C:\Users\Admin\Desktop\SMB\GRAPHICS\Font\U.bmp
FileModTime:1415002765
%EndFont

%BeginFont
Handler:DirectoryHandler
FontType:Invalid
OutlineFileName:C:\Users\Admin\Desktop\SMB\GRAPHICS\Font\V.bmp
FileModTime:1415002765
%EndFont

%BeginFont
Handler:DirectoryHandler
FontType:Invalid
OutlineFileName:C:\Users\Admin\Desktop\SMB\GRAPHICS\Font\W.bmp
FileModTime:1415002765
%EndFont

%BeginFont
Handler:DirectoryHandler
FontType:Invalid
OutlineFileName:C:\Users\Admin\Desktop\SMB\GRAPHICS\Font\X.bmp
FileModTime:1415002766
%EndFont

%BeginFont
Handler:DirectoryHandler
FontType:Invalid
OutlineFileName:C:\Users\Admin\Desktop\SMB\GRAPHICS\Font\Y.bmp
FileModTime:1415002766
%EndFont

%BeginFont
Handler:DirectoryHandler
FontType:Invalid
OutlineFileName:C:\Users\Admin\Desktop\SMB\GRAPHICS\Font\Z.bmp
FileModTime:1415002766
%EndFont

